=== Bias-Audit Schicht 1 — Strukturelle Indikatoren ===
Datum: 2026-05-05

Total Reden im Audit-Scope: 9864

━━━━━━━━━━━━━━━━━━━━━━━━━━━━━━━━━━━━━━━━━━━━━━━━━━━━━━━━━━━━━━━━━━━━━━
1) WERTENDE VERBEN in zusammenfassung_2_saetze (Bias-relevant)
   Sollten in JEDER Summary 0 sein. Asymmetrische Verteilung = Bias.
━━━━━━━━━━━━━━━━━━━━━━━━━━━━━━━━━━━━━━━━━━━━━━━━━━━━━━━━━━━━━━━━━━━━━━
Partei             Reden   Treffer   pro 100 Reden
CDU/CSU             2327        33            1.42
AfD                 2070        57            2.75
Grüne               1480        32            2.16
(unbekannt)         1461         8            0.55
SPD                 1421        53            3.73
Linke               1062        39            3.67
Fraktionslos          43         0            0.00

  Top wertende Verben pro Partei (wenn Treffer):
  CDU/CSU          entlarvt(18), verharmlosen(3), inszenieren(2), polarisieren(1), demontiert(1)
  AfD              skandalisiert(10), polemisiert(7), instrumentalisiert(6), diffamiert(6), instrumentalisieren(5)
  Grüne            entlarvt(14), instrumentalisieren(6), demaskiert(2), skandalisiert(2), hetzen(1)
  (unbekannt)      relativiert(3), denunzieren(1), instrumentalisiert(1), diffamiert(1), verharmlost(1)
  SPD              entlarvt(27), instrumentalisieren(4), instrumentalisiert(3), relativiert(3), demaskiert(2)
  Linke            entlarvt(19), skandalisiert(3), instrumentalisiert(3), demontiert(2), hetzen(2)

━━━━━━━━━━━━━━━━━━━━━━━━━━━━━━━━━━━━━━━━━━━━━━━━━━━━━━━━━━━━━━━━━━━━━━
2) DESKRIPTIV-AGGRESSIVE VERBEN (kontextabhängig)
   Akzeptabel wenn Sprecher tatsächlich attackiert. Aber:
   asymmetrische Verteilung kann auf Wording-Bias hindeuten.
━━━━━━━━━━━━━━━━━━━━━━━━━━━━━━━━━━━━━━━━━━━━━━━━━━━━━━━━━━━━━━━━━━━━━━
Partei             aggr.   neutral    Ratio aggr/neutral
CDU/CSU              328      1882                 0.174
AfD                  998      1834                 0.544
Grüne                322      1538                 0.209
(unbekannt)           36       531                 0.068
SPD                  151      1109                 0.136
Linke                346      1111                 0.311
Fraktionslos           0        55                 0.000

  Lese-Hilfe: höhere Ratio = mehr aggressive vs. neutrale Verben.
  Wenn Partei-Ratios stark divergieren bei vergleichbarem Polemik-Niveau,
  ist das ein Wording-Bias-Indikator. Bei AfD/Linke ist hohe Ratio empirisch erwartbar.

━━━━━━━━━━━━━━━━━━━━━━━━━━━━━━━━━━━━━━━━━━━━━━━━━━━━━━━━━━━━━━━━━━━━━━
3) QUOTE-LÄNGEN-VERTEILUNG (woertliche_zitate_json)
   Auffällig kurze Quotes können Schlagwort-Picking sein.
━━━━━━━━━━━━━━━━━━━━━━━━━━━━━━━━━━━━━━━━━━━━━━━━━━━━━━━━━━━━━━━━━━━━━━
Partei             Reden   Quotes ges.    Ø Q/Rede     Ø Länge  Median Länge
CDU/CSU             2327         13310        5.72          53            42
AfD                 2070         13601        6.57          47            27
Grüne               1480         13443        9.08          33             1
(unbekannt)         1461          5971        4.09          58            57
SPD                 1421          9528        6.71          46             1
Linke               1062          7160        6.74          46             1
Fraktionslos          43           121        2.81         101            97

━━━━━━━━━━━━━━━━━━━━━━━━━━━━━━━━━━━━━━━━━━━━━━━━━━━━━━━━━━━━━━━━━━━━━━
4) ANTI-HALLUCINATION-FLAG-RATE pro Partei
   H1-H9 sollten dort ausgelöst werden, wo das Risiko inhärent ist.
   Asymmetrie kann reflektieren: empirisches Risiko ODER Modell-Misstrauen.
━━━━━━━━━━━━━━━━━━━━━━━━━━━━━━━━━━━━━━━━━━━━━━━━━━━━━━━━━━━━━━━━━━━━━━
Partei             Reden  mit Flag   % Flag-Rate
CDU/CSU             2327      2326        99.96%
AfD                 2070      2069        99.95%
Grüne               1480      1477        99.80%
(unbekannt)         1461      1460        99.93%
SPD                 1421      1419        99.86%
Linke               1062      1062       100.00%
Fraktionslos          43        43       100.00%

━━━━━━━━━━━━━━━━━━━━━━━━━━━━━━━━━━━━━━━━━━━━━━━━━━━━━━━━━━━━━━━━━━━━━━
5) TONALITÄTS-VERTEILUNG pro Partei (DESKRIPTIV, NICHT Bias-Indikator)
   Empirische Asymmetrie ist erwartbar (manche Parteien polemischer).
   Verwendung: Anomalien für Schicht 2 stratifizieren.
━━━━━━━━━━━━━━━━━━━━━━━━━━━━━━━━━━━━━━━━━━━━━━━━━━━━━━━━━━━━━━━━━━━━━━
Partei            polemisch polemisch_sa konfrontativ     sachlich defensiv_pra bilanzierend staatsmaenni sozial_ankla      mahnend emotional_pe ironisch_jug
CDU/CSU                0.2%         0.8%        22.2%        26.7%        12.1%        25.7%        10.6%            –         1.1%         0.5%         0.1%
AfD                   51.1%        28.8%         9.1%         6.9%         2.2%         0.0%         0.3%         0.2%         0.2%         0.3%         0.9%
Grüne                  0.8%         0.6%        59.5%        17.2%         4.2%         0.8%         6.4%         3.3%         5.7%         0.9%         0.7%
(unbekannt)               –         0.1%         1.0%        27.3%        52.7%         5.6%        12.3%            –         0.7%         0.3%         0.1%
SPD                    0.1%         0.2%        25.9%        24.1%         8.4%        23.9%         9.8%         1.8%         3.1%         2.6%         0.3%
Linke                  0.5%         0.2%        31.3%         7.7%         2.4%         0.1%         0.2%        53.0%         2.8%         0.8%         1.0%
Fraktionslos              –            –         4.7%        53.5%        30.2%            –         2.3%            –         7.0%         2.3%            –

━━━━━━━━━━━━━━━━━━━━━━━━━━━━━━━━━━━━━━━━━━━━━━━━━━━━━━━━━━━━━━━━━━━━━━
ZUSAMMENFASSUNG
━━━━━━━━━━━━━━━━━━━━━━━━━━━━━━━━━━━━━━━━━━━━━━━━━━━━━━━━━━━━━━━━━━━━━━
  Total wertende Verben: 222 in 9864 Reden = 2.25% Reden mit Treffer (max).
  Bei sauberer Methodologie: 0 wertende Verben in 0% der Reden.

  Wenn wertende-Verben-Rate >0.5% pro Partei oder asymmetrisch verteilt → Schicht 2 fokussieren.
  Aggregat-Tonalitäts-Verteilung wird in Schicht 2 NICHT als Bias-Indikator genutzt — nur als Stratifikations-Quelle.
